{ mkDerivation, aeson, attoparsec, base, base-compat, bytestring
, cmdargs, lib, scientific, text, unordered-containers, vector
}:
mkDerivation {
  pname = "aeson-pretty";
  version = "0.8.5";
  sha256 = "deadbeef";
  isLibrary = true;
  isExecutable = true;
  libraryHaskellDepends = [
    aeson base base-compat bytestring scientific text
    unordered-containers vector
  ];
  executableHaskellDepends = [
    aeson attoparsec base bytestring cmdargs
  ];
  homepage = "http://github.com/informatikr/aeson-pretty";
  description = "JSON pretty-printing library and command-line tool";
  license = lib.licenses.bsd3;
  mainProgram = "aeson-pretty";
}
