{ mkDerivation, base, bytestring, lib, mtl, time }:
mkDerivation {
  pname = "benchpress";
  version = "0.2.2.10";
  sha256 = "deadbeef";
  isLibrary = true;
  isExecutable = true;
  libraryHaskellDepends = [ base mtl time ];
  executableHaskellDepends = [ base bytestring ];
  homepage = "https://github.com/WillSewell/benchpress";
  description = "Micro-benchmarking with detailed statistics";
  license = lib.licenses.bsd3;
  mainProgram = "example";
}
