{ mkDerivation, base, lib }:
mkDerivation {
  pname = "bindings-uname";
  version = "0.1";
  sha256 = "deadbeef";
  libraryHaskellDepends = [ base ];
  description = "Low-level binding to POSIX uname(3)";
  license = lib.licenses.publicDomain;
}
