{ mkDerivation, base, colour, diagrams-cairo, diagrams-lib
, directory, either-unwrap, filepath, lib, parsec, ParsecTools
, StockholmAlignment, SVGFonts, text, vector
}:
mkDerivation {
  pname = "BioHMM";
  version = "1.2.0";
  sha256 = "deadbeef";
  libraryHaskellDepends = [
    base colour diagrams-cairo diagrams-lib directory either-unwrap
    filepath parsec ParsecTools StockholmAlignment SVGFonts text vector
  ];
  description = "Libary for Hidden Markov Models in HMMER3 format";
  license = lib.licenses.gpl3Only;
}
