{ mkDerivation, base, containers, dbus, lib }:
mkDerivation {
  pname = "fdo-notify";
  version = "0.3.1";
  sha256 = "deadbeef";
  libraryHaskellDepends = [ base containers dbus ];
  homepage = "http://bitbucket.org/taejo/fdo-notify/";
  description = "Desktop Notifications client";
  license = lib.licenses.bsd3;
}
