{ mkDerivation, base, lib, mtl, process }:
mkDerivation {
  pname = "libgit";
  version = "0.3.1";
  sha256 = "deadbeef";
  libraryHaskellDepends = [ base mtl process ];
  homepage = "https://github.com/vincenthz/hs-libgit";
  description = "Simple Git Wrapper";
  license = lib.licenses.bsd3;
}
