{ mkDerivation, base, lib, template-haskell, transformers }:
mkDerivation {
  pname = "monadloc";
  version = "0.7.1";
  sha256 = "deadbeef";
  libraryHaskellDepends = [ base template-haskell transformers ];
  homepage = "http://github.com/pepeiborra/monadloc";
  description = "A class for monads which can keep a monadic call trace";
  license = lib.licenses.publicDomain;
}
