{ mkDerivation, base, lib, pretty }:
mkDerivation {
  pname = "prettyclass";
  version = "1.0.0.0";
  sha256 = "deadbeef";
  libraryHaskellDepends = [ base pretty ];
  description = "Pretty printing class similar to Show";
  license = lib.licenses.bsd3;
}
