{ mkDerivation, base, lib, QuickCheck, unfoldable-restricted }:
mkDerivation {
  pname = "quickcheck-combinators";
  version = "0.0.2";
  sha256 = "deadbeef";
  libraryHaskellDepends = [ base QuickCheck unfoldable-restricted ];
  description = "Simple type-level combinators for augmenting QuickCheck instances";
  license = lib.licenses.bsd3;
}
