{ mkDerivation, base, lib, MonadPrompt, mtl, random-source
, transformers
}:
mkDerivation {
  pname = "rvar";
  version = "0.2.0.3";
  sha256 = "deadbeef";
  libraryHaskellDepends = [
    base MonadPrompt mtl random-source transformers
  ];
  homepage = "https://github.com/mokus0/random-fu";
  description = "Random Variables";
  license = lib.licenses.publicDomain;
}
