{ mkDerivation, base, direct-sqlite, directory, exceptions, lib
, selda, text
}:
mkDerivation {
  pname = "selda-sqlite";
  version = "0.1.6.0";
  sha256 = "deadbeef";
  libraryHaskellDepends = [
    base direct-sqlite directory exceptions selda text
  ];
  homepage = "https://github.com/valderman/selda";
  description = "SQLite backend for the Selda database EDSL";
  license = lib.licenses.mit;
}
