{ mkDerivation, base, lib, process }:
mkDerivation {
  pname = "simple-smt";
  version = "0.7.1";
  sha256 = "deadbeef";
  libraryHaskellDepends = [ base process ];
  description = "A simple way to interact with an SMT solver process";
  license = lib.licenses.bsd3;
}
